// Jest Snapshot v1, https://goo.gl/fbAQLP

exports[`Game renders correctly 1`] = `
<div>
  <div
    className="sc-ifAKCX khmXQv"
  >
    <label>
      Pick number of player:
      <select
        onChange={[Function]}
        value={2}
      >
        <option
          value="1"
        >
          1
        </option>
        <option
          value="2"
        >
          2
        </option>
        <option
          value="3"
        >
          3
        </option>
        <option
          value="4"
        >
          4
        </option>
      </select>
    </label>
    <button
      className="sc-EHOje dbWVjI"
      onClick={[Function]}
    >
      PLAY
    </button>
  </div>
  <div>
     Ready... 
  </div>
  <div>
    <a
      href="/"
      onClick={[Function]}
    >
      Home
    </a>
  </div>
  <div>
    <a
      href="/results"
      onClick={[Function]}
    >
      Results
    </a>
  </div>
</div>
`;
